<html>
<body>
<pre>
<h1>礦ision Build Log</h1>
<h2>Tool Versions:</h2>
IDE-Version: μVision V5.35.0.0
Copyright (C) 2021 ARM Ltd and ARM Germany GmbH. All rights reserved.
License Information: 1 TRRRP, 1, LIC=BUURY-ISHE4-FWZ2N-YKS9N-CNL0T-17A30
 
Tool Versions:
Toolchain:       MDK-ARM Plus  Version: 5.35.0.2
Toolchain Path:  D:\keil mdk\ARM\ARMCLANG\Bin
C Compiler:      ArmClang.exe V6.16
Assembler:       Armasm.exe V6.16
Linker/Locator:  ArmLink.exe V6.16
Library Manager: ArmAr.exe V6.16
Hex Converter:   FromElf.exe V6.16
CPU DLL:         
Dialog DLL:      
Target DLL:      STLink\ST-LINKIII-KEIL_SWO.dll V3.0.9.0
Dialog DLL:      TCM.DLL V1.53.0.0
 
<h2>Project:</h2>
D:\文档资料\硬件\示波器\GD32E230-Oscilloscope-master\GD32E230-Oscilloscope-master\Oscilloscope-V2.0\Project\Oscilloscope.uvprojx
Project File Date:  02/07/2026

<h2>Output:</h2>
*** Using Compiler 'V6.16', folder: 'D:\keil mdk\ARM\ARMCLANG\Bin'
Rebuild target 'GD32E230C8T6'
compiling gd32e23x_cmp.c...
compiling systick.c...
compiling main.c...
compiling gd32e23x_crc.c...
compiling gd32e23x_fwdgt.c...
compiling gd32e23x_adc.c...
compiling gd32e23x_it.c...
compiling gd32e23x_exti.c...
compiling gd32e23x_gpio.c...
compiling gd32e23x_fmc.c...
compiling gd32e23x_dbg.c...
compiling gd32e23x_dma.c...
compiling gd32e23x_i2c.c...
compiling gd32e23x_misc.c...
compiling gd32e23x_pmu.c...
compiling gd32e23x_rcu.c...
compiling gd32e23x_rtc.c...
compiling gd32e23x_spi.c...
compiling gd32e23x_syscfg.c...
compiling gd32e23x_usart.c...
compiling gd32e23x_timer.c...
compiling gd32e23x_wwdgt.c...
assembling startup_gd32e23x.s...
compiling system_gd32e23x.c...
compiling hw_led.c...
compiling hw_gpio.c...
compiling hw_key.c...
compiling hw_ec11.c...
../Hardware/hw_lcdinit.c(13): warning: while loop has empty body [-Wempty-body]
        while(spi_i2s_flag_get(SPI0,SPI_FLAG_TBE) == RESET);    // Wait for transmit buffer to be empty
                                                           ^
../Hardware/hw_lcdinit.c(13): note: put the semicolon on a separate line to silence this warning
../Hardware/hw_lcdinit.c(32): warning: while loop has empty body [-Wempty-body]
        while(spi_i2s_flag_get(SPI0,SPI_FLAG_TBE) == RESET);    // Wait for transmit buffer to be empty
                                                           ^
../Hardware/hw_lcdinit.c(32): note: put the semicolon on a separate line to silence this warning
../Hardware/hw_lcdinit.c(34): warning: while loop has empty body [-Wempty-body]
        while(spi_i2s_flag_get(SPI0,SPI_FLAG_TBE) == RESET);    // Wait for transmit buffer to be empty
                                                           ^
../Hardware/hw_lcdinit.c(34): note: put the semicolon on a separate line to silence this warning
../Hardware/hw_lcdinit.c(50): warning: while loop has empty body [-Wempty-body]
        while(spi_i2s_flag_get(SPI0,SPI_FLAG_TBE) == RESET);    // Wait for transmit buffer to be empty
                                                           ^
../Hardware/hw_lcdinit.c(50): note: put the semicolon on a separate line to silence this warning
4 warnings generated.
compiling hw_lcdinit.c...
compiling hw_spi.c...
compiling hw_tim.c...
compiling hw_adc.c...
compiling mid_timer.c...
compiling mid_pwm.c...
compiling mid_lcd.c...
compiling mid_adc.c...
compiling osc_task.c...
linking...
Program Size: Code=21314 RO-data=28946 RW-data=16 ZI-data=6312  
FromELF: creating hex file...
".\Objects\Oscilloscope.axf" - 0 Error(s), 4 Warning(s).

<h2>Software Packages used:</h2>

Package Vendor: ARM
                https://www.keil.com/pack/ARM.CMSIS.6.3.0.pack
                ARM.CMSIS.6.3.0
                CMSIS (Common Microcontroller Software Interface Standard)
   * Component: CORE Version: 6.2.0

Package Vendor: GigaDevice
                https://gd32mcu.com/data/documents/pack/GigaDevice.GD32E23x_DFP.1.0.2.pack
                GigaDevice.GD32E23x_DFP.1.0.2
                GigaDevice GD32E23x Series Device Support and Examples

<h2>Collection of Component include folders:</h2>
  .\RTE\_GD32E230C8T6
  D:\keil mdk\ARM\PACK\ARM\CMSIS\6.3.0\CMSIS\Core\Include
  D:\keil mdk\ARM\PACK\GigaDevice\GD32E23x_DFP\1.0.2\Device\Include

<h2>Collection of Component Files used:</h2>

   * Component: ARM::CMSIS:CORE:6.2.0
Build Time Elapsed:  00:00:07
</pre>
</body>
</html>
